// Jest Snapshot v1, https://goo.gl/fbAQLP

exports[`FormWrapper renders correctly 1`] = `
.c0 {
  -webkit-flex: 1;
  -ms-flex: 1;
  flex: 1;
}

<View
  collapsable={true}
  pointerEvents="box-none"
  style={
    Object {
      "flex": 1,
    }
  }
>
  <ScrollView
    automaticallyAdjustContentInsets={false}
    className="c0"
    contentInset={
      Object {
        "bottom": 0,
      }
    }
    enableAutomaticScroll={true}
    enableOnAndroid={false}
    enableResetScrollToCoords={true}
    extraHeight={75}
    extraScrollHeight={0}
    keyboardDismissMode="interactive"
    keyboardOpeningTime={250}
    keyboardShouldPersistTaps="handled"
    keyboardSpace={0}
    scrollEnabled={false}
    scrollEventThrottle={1}
    showsVerticalScrollIndicator={true}
    viewIsInsideTabBar={false}
  />
</View>
`;
