// Jest Snapshot v1, https://goo.gl/fbAQLP

exports[`TextWithLines renders correctly 1`] = `
<View
  collapsable={true}
  pointerEvents="box-none"
  style={
    Object {
      "flex": 1,
    }
  }
>
  <View
    style={
      Array [
        Object {
          "alignItems": "center",
          "flexDirection": "row",
        },
      ]
    }
  >
    <View
      style={
        Array [
          Object {
            "backgroundColor": "#E4E4E4",
            "flexBasis": 0,
            "flexGrow": 1,
            "flexShrink": 1,
            "height": 1,
          },
        ]
      }
    />
    <Text
      style={
        Array [
          Object {
            "color": "#313131",
            "fontFamily": "GothamPro",
            "fontSize": 16,
            "lineHeight": 20,
          },
          Object {
            "color": "#606060",
            "marginHorizontal": 6,
          },
        ]
      }
    />
    <View
      style={
        Array [
          Object {
            "backgroundColor": "#E4E4E4",
            "flexBasis": 0,
            "flexGrow": 1,
            "flexShrink": 1,
            "height": 1,
          },
        ]
      }
    />
  </View>
</View>
`;
